// Jest Snapshot v1, https://goo.gl/fbAQLP

exports[`client test suite Frontpage is rendered 1`] = `"<div><h1>Front Page</h1></div>"`;
